RNA-seq Quality Assessment Assignment

09/06/2023

Part 1 – Read quality score distributions
Data:
Library Assignment: 6_2D_mbnl_S5_L008   and    16_3D_mbnl_S12_L008

The demultiplexed, gzipped .fastq files are here: 
/projects/bgmp/shared/2017_sequencing/demultiplexed/6_2D_mbnl_S5_L008_R1_001.fastq.gz
/projects/bgmp/shared/2017_sequencing/demultiplexed/6_2D_mbnl_S5_L008_R2_001.fastq.gz
/projects/bgmp/shared/2017_sequencing/demultiplexed/16_3D_mbnl_S12_L008_R1_001.fastq.gz
/projects/bgmp/shared/2017_sequencing/demultiplexed/16_3D_mbnl_S12_L008_R2_001.fastq.gz

Directory paths for fastqc output: 
/home/iquesada/bgmp/bioinfo/Bi623/QAA/6_2D_mbnl_S5_L008_R1_001_fastqc
/home/iquesada/bgmp/bioinfo/Bi623/QAA/6_2D_mbnl_S5_L008_R2_001_fastqc
/home/iquesada/bgmp/bioinfo/Bi623/QAA/16_3D_mbnl_S12_L008_R1_001_fastqc
/home/iquesada/bgmp/bioinfo/Bi623/QAA/16_3D_mbnl_S12_L008_R2_001_fastqc

On the command line (to activate fastqc): 
$ module spider fastqc
$ module load fastqc/0.11.5

FastQC version: FastQC v0.11.5


09/08/2023
fastqc.sh
- used to run fastqc on each file
- slurm-49947.out
  Command being timed: "fastqc -o /home/iquesada/bgmp/bioinfo/Bi623/QAA/6_2D_mbnl_S5_L008_R1_001_fastqc /projects/bgmp/shared/2017_sequencing/demultiplexed/6_2D_mbnl_S5_L008_R1_001.fastq.gz"
	User time (seconds): 54.96
	System time (seconds): 2.23
	Percent of CPU this job got: 97%
	Elapsed (wall clock) time (h:mm:ss or m:ss): 0:58.77
  .
  .
  .
  Exit status: 0
  Command being timed: "fastqc -o /home/iquesada/bgmp/bioinfo/Bi623/QAA/6_2D_mbnl_S5_L008_R2_001_fastqc /projects/bgmp/shared/2017_sequencing/demultiplexed/6_2D_mbnl_S5_L008_R2_001.fastq.gz"
	User time (seconds): 56.27
	System time (seconds): 2.55
	Percent of CPU this job got: 98%
	Elapsed (wall clock) time (h:mm:ss or m:ss): 0:59.68
  .
  .
  .
  Exit status: 0
  Command being timed: "fastqc -o /home/iquesada/bgmp/bioinfo/Bi623/QAA/16_3D_mbnl_S12_L008_R1_001_fastqc /projects/bgmp/shared/2017_sequencing/demultiplexed/16_3D_mbnl_S12_L008_R1_001.fastq.gz"
	User time (seconds): 44.94
	System time (seconds): 1.88
	Percent of CPU this job got: 98%
	Elapsed (wall clock) time (h:mm:ss or m:ss): 0:47.36
  .
  .
  .
  Exit status: 0
  Command being timed: "fastqc -o /home/iquesada/bgmp/bioinfo/Bi623/QAA/16_3D_mbnl_S12_L008_R2_001_fastqc /projects/bgmp/shared/2017_sequencing/demultiplexed/16_3D_mbnl_S12_L008_R2_001.fastq.gz"
	User time (seconds): 42.26
	System time (seconds): 1.80
	Percent of CPU this job got: 98%
	Elapsed (wall clock) time (h:mm:ss or m:ss): 0:44.54
  .
  .
  .
  Exit status: 0


09/09/2023
Run your quality score plotting script from your Demultiplexing assignment in Bi622.
/home/iquesada/bgmp/bioinfo/Bi622/Demultiplex/Assignment-the-first/part1.sh
part1.sh
jobID: 51777

Command being timed: "./part1.py -f /projects/bgmp/shared/2017_sequencing/demultiplexed/6_2D_mbnl_S5_L008_R1_001.fastq.gz -l 101 -o 6_2D_mbnl_S5_L008_R1_001_qscore_distribution"
	User time (seconds): 193.49
	System time (seconds): 1.23
	Percent of CPU this job got: 100%
	Elapsed (wall clock) time (h:mm:ss or m:ss): 3:14.11
	.
	.
	.
	Page size (bytes): 4096
	Exit status: 0
Command being timed: "./part1.py -f /projects/bgmp/shared/2017_sequencing/demultiplexed/6_2D_mbnl_S5_L008_R2_001.fastq.gz -l 101 -o 6_2D_mbnl_S5_L008_R2_001_qscore_distribution"
	User time (seconds): 205.36
	System time (seconds): 1.22
	Percent of CPU this job got: 100%
	Elapsed (wall clock) time (h:mm:ss or m:ss): 3:26.06
	.
	.
	.
	Page size (bytes): 4096
	Exit status: 0
Command being timed: "./part1.py -f /projects/bgmp/shared/2017_sequencing/demultiplexed/16_3D_mbnl_S12_L008_R1_001.fastq.gz -l 101 -o 16_3D_mbnl_S12_L008_R1_001_qscore_distribution"
	User time (seconds): 146.18
	System time (seconds): 1.19
	Percent of CPU this job got: 100%
	Elapsed (wall clock) time (h:mm:ss or m:ss): 2:26.61
	.
	.
	.
	Page size (bytes): 4096
	Exit status: 0
Command being timed: "./part1.py -f /projects/bgmp/shared/2017_sequencing/demultiplexed/16_3D_mbnl_S12_L008_R2_001.fastq.gz -l 101 -o 16_3D_mbnl_S12_L008_R2_001_qscore_distribution"
	User time (seconds): 145.73
	System time (seconds): 1.09
	Percent of CPU this job got: 100%
	Elapsed (wall clock) time (h:mm:ss or m:ss): 2:26.19
	.
	.
	.
	Page size (bytes): 4096
	Exit status: 0



Part 2 – Adaptor trimming comparison
Creating Conda environments in Talapas: install cutadapt and Trimmomatic
$ conda create --name QAA
$ conda install cutadapt
$ conda install Trimmomatic

cutadapt version: 4.4
Trimmomatic version: 0.39


09/11/2023
Adapter sequences: 
R1: AGATCGGAAGAGCACACGTCTGAACTCCAGTCA
R2: AGATCGGAAGAGCGTCGTGTAGGGAAAGAGTGT

Search for the adapter sequences in the following datasets. Confirm the expected sequence orientation. Report the commands used, the reasoning behind them, and how you confirmed the adapter sequences.

a) 6_2D_mbnl_S5_L008_R1_001.fastq.gz
$ zcat 6_2D_mbnl_S5_L008_R1_001.fastq.gz | grep -A 1 ^"@" | grep -v ^"@" |     grep -v ^"--" | grep -E --color="always" "AGATCGGAAGAGCACACGTCTGAACTCCAGTCA" | head
* I isolated the sequence line and used grep to find the adapter sequence for R1. It was on the 3' end of the read. 

b) 6_2D_mbnl_S5_L008_R2_001.fastq.gz
$ zcat 6_2D_mbnl_S5_L008_R2_001.fastq.gz | grep -A 1 ^"@" | grep -v ^"@" | grep -v ^"--" | grep -E --color="always" "AGATCGGAAGAGCGTCGTGTAGGGAAAGAGTGT" | head
  
c) 16_3D_mbnl_S12_L008_R1_001.fastq.gz
$ zcat 16_3D_mbnl_S12_L008_R1_001.fastq.gz | grep -A 1 ^"@" | grep -v ^"@" | grep -v ^"--" | grep -E --color="always" "AGATCGGAAGAGCACACGTCTGAACTCCAGTCA" | head

d) 16_3D_mbnl_S12_L008_R2_001.fastq.gz
$ zcat 16_3D_mbnl_S12_L008_R2_001.fastq.gz | grep -A 1 ^"@" | grep -v ^"@" | grep -v ^"--" | grep -E --color="always" "AGATCGGAAGAGCGTCGTGTAGGGAAAGAGTGT" | head

Using cutadapt, properly trim adapter sequences from your assigned files. Be sure to read how to use cutadapt. Use default settings. What proportion of reads (both R1 and R2) were trimmed?
a) 6_2D_mbnl_S5_L008_R1_001.fastq.gz 
   6_2D_mbnl_S5_L008_R2_001.fastq.gz
*paired-end 

cutadapt -a AGATCGGAAGAGCACACGTCTGAACTCCAGTCA -A AGATCGGAAGAGCGTCGTGTAGGGAAAGAGTGT -o /home/iquesada/bgmp/bioinfo/Bi623/QAA/6_2D_mbnl_S5_L008_R1_001_cutadapt.fastq.gz -p /home/iquesada/bgmp/bioinfo/Bi623/QAA/6_2D_mbnl_S5_L008_R2_001._cutadapt.fastq.gz 6_2D_mbnl_S5_L008_R1_001.fastq.gz  6_2D_mbnl_S5_L008_R2_001.fastq.gz

(QAA) [iquesada@n0198 demultiplexed]$ cutadapt -a AGATCGGAAGAGCACACGTCTGAACTCCAGTCA -A AGATCGGAAGAGCGTCGTGTAGGGAAAGAGTGT -o /home/iquesada/bgmp/bioinfo/Bi623/QAA/6_2D_mbnl_S5_L008_R1_001_cutadapt.fastq.gz -p /home/iquesada/bgmp/bioinfo/Bi623/QAA/6_2D_mbnl_S5_L008_R2_001._cutadapt.fastq.gz 6_2D_mbnl_S5_L008_R1_001.fastq.gz  6_2D_mbnl_S5_L008_R2_001.fastq.gz
This is cutadapt 4.4 with Python 3.10.12
Command line parameters: -a AGATCGGAAGAGCACACGTCTGAACTCCAGTCA -A AGATCGGAAGAGCGTCGTGTAGGGAAAGAGTGT -o /home/iquesada/bgmp/bioinfo/Bi623/QAA/6_2D_mbnl_S5_L008_R1_001_cutadapt.fastq.gz -p /home/iquesada/bgmp/bioinfo/Bi623/QAA/6_2D_mbnl_S5_L008_R2_001._cutadapt.fastq.gz 6_2D_mbnl_S5_L008_R1_001.fastq.gz 6_2D_mbnl_S5_L008_R2_001.fastq.gz
Processing paired-end reads on 1 core ...
Done           00:04:52    11,028,244 reads @  26.5 µs/read;   2.27 M reads/minute
Finished in 292.142 s (26.490 µs/read; 2.26 M reads/minute).

=== Summary ===

Total read pairs processed:         11,028,244
  Read 1 with adapter:                 416,045 (3.8%)
  Read 2 with adapter:                 502,045 (4.6%)
Pairs written (passing filters):    11,028,244 (100.0%)

Total basepairs processed: 2,227,705,288 bp
  Read 1: 1,113,852,644 bp
  Read 2: 1,113,852,644 bp
Total written (filtered):  2,220,049,445 bp (99.7%)
  Read 1: 1,110,205,328 bp
  Read 2: 1,109,844,117 bp

=== First read: Adapter 1 ===

Sequence: AGATCGGAAGAGCACACGTCTGAACTCCAGTCA; Type: regular 3'; Length: 33; Trimmed: 416045 times

Minimum overlap: 3
No. of allowed errors:
1-9 bp: 0; 10-19 bp: 1; 20-29 bp: 2; 30-33 bp: 3

Bases preceding removed adapters:
  A: 20.8%
  C: 29.6%
  G: 33.8%
  T: 15.3%
  none/other: 0.5%

=== Second read: Adapter 2 ===

Sequence: AGATCGGAAGAGCGTCGTGTAGGGAAAGAGTGT; Type: regular 3'; Length: 33; Trimmed: 502045 times

Minimum overlap: 3
No. of allowed errors:
1-9 bp: 0; 10-19 bp: 1; 20-29 bp: 2; 30-33 bp: 3

Bases preceding removed adapters:
  A: 24.1%
  C: 29.6%
  G: 35.8%
  T: 10.0%
  none/other: 0.4%


c) 16_3D_mbnl_S12_L008_R1_001.fastq.gz
   16_3D_mbnl_S12_L008_R2_001.fastq.gz
cutadapt -a AGATCGGAAGAGCACACGTCTGAACTCCAGTCA -A AGATCGGAAGAGCGTCGTGTAGGGAAAGAGTGT -o /home/iquesada/bgmp/bioinfo/Bi623/QAA/16_3D_mbnl_S12_L008_R1_001_cutadapt.fastq.gz -p /home/iquesada/bgmp/bioinfo/Bi623/QAA/16_3D_mbnl_S12_L008_R2_0011_cutadapt.fastq.gz 16_3D_mbnl_S12_L008_R1_001.fastq.gz  16_3D_mbnl_S12_L008_R2_001.fastq.gz

[iquesada@n0198 demultiplexed]$ cutadapt -a AGATCGGAAGAGCACACGTCTGAACTCCAGTCA -A AGATCGGAAGAGCGTCGTGTAGGGAAAGAGTGT -o /home/iquesada/bgmp/bioinfo/Bi623/QAA/16_3D_mbnl_S12_L008_R1_001_cutadapt.fastq.gz -p /home/iquesada/bgmp/bioinfo/Bi623/QAA/16_3D_mbnl_S12_L008_R2_0011_cutadapt.fastq.gz 16_3D_mbnl_S12_L008_R1_001.fastq.gz  16_3D_mbnl_S12_L008_R2_001.fastq.gz
This is cutadapt 4.4 with Python 3.10.12
Command line parameters: -a AGATCGGAAGAGCACACGTCTGAACTCCAGTCA -A AGATCGGAAGAGCGTCGTGTAGGGAAAGAGTGT -o /home/iquesada/bgmp/bioinfo/Bi623/QAA/16_3D_mbnl_S12_L008_R1_001_cutadapt.fastq.gz -p /home/iquesada/bgmp/bioinfo/Bi623/QAA/16_3D_mbnl_S12_L008_R2_0011_cutadapt.fastq.gz 16_3D_mbnl_S12_L008_R1_001.fastq.gz 16_3D_mbnl_S12_L008_R2_001.fastq.gz
Processing paired-end reads on 1 core ...
Done           00:03:34     8,235,197 reads @  26.1 µs/read;   2.30 M reads/minute
Finished in 214.735 s (26.075 µs/read; 2.30 M reads/minute).

=== Summary ===

Total read pairs processed:          8,235,197
  Read 1 with adapter:               1,002,983 (12.2%)
  Read 2 with adapter:               1,069,893 (13.0%)
Pairs written (passing filters):     8,235,197 (100.0%)

Total basepairs processed: 1,663,509,794 bp
  Read 1:   831,754,897 bp
  Read 2:   831,754,897 bp
Total written (filtered):  1,627,540,628 bp (97.8%)
  Read 1:   813,886,317 bp
  Read 2:   813,654,311 bp

=== First read: Adapter 1 ===

Sequence: AGATCGGAAGAGCACACGTCTGAACTCCAGTCA; Type: regular 3'; Length: 33; Trimmed: 1002983 times

Minimum overlap: 3
No. of allowed errors:
1-9 bp: 0; 10-19 bp: 1; 20-29 bp: 2; 30-33 bp: 3

Bases preceding removed adapters:
  A: 16.1%
  C: 29.8%
  G: 34.7%
  T: 17.7%
  none/other: 1.6%

=== Second read: Adapter 2 ===

Sequence: AGATCGGAAGAGCGTCGTGTAGGGAAAGAGTGT; Type: regular 3'; Length: 33; Trimmed: 1069893 times

Minimum overlap: 3
No. of allowed errors:
1-9 bp: 0; 10-19 bp: 1; 20-29 bp: 2; 30-33 bp: 3

Bases preceding removed adapters:
  A: 15.7%
  C: 36.7%
  G: 33.9%
  T: 12.2%
  none/other: 1.4%
output data path: /home/iquesada/bgmp/bioinfo/Bi623/QAA/cutadapt_data

Use Trimmomatic to quality trim your reads. Specify the following, in this order:
  LEADING: quality of 3
  TRAILING: quality of 3
  SLIDING WINDOW: window size of 5 and required quality of 15
  MINLENGTH: 35 bases

LEADING: Cut bases off the start of a read, if below a threshold quality
TRAILING: Cut bases off the end of a read, if below a threshold quality
SLIDINGWINDOW: Performs a sliding window trimming approach. It starts
scanning at the 5‟ end and clips the read once the average quality within the window
falls below a threshold.
MINLEN: Drop the read if it is below a specified length

output files: 
 mySampleFiltered_1P.fq.gz - for paired forward reads
o mySampleFiltered_1U.fq.gz - for unpaired forward reads
o mySampleFiltered_2P.fq.gz - for paired reverse reads
o mySampleFiltered_2U.fq.gz - for unpaired reverse reads



slurm-56074.out
trimmomatic.sh
output data path: /home/iquesada/bgmp/bioinfo/Bi623/QAA/trimmed_data


Plot Read Length Distribution: 
script: read_length_distribution_plot.py
/home/iquesada/bgmp/bioinfo/Bi623/QAA/trimmed_data/16_3D_mbnl_S12_L008_R1_001_trimmed_p.fastq.gz
/home/iquesada/bgmp/bioinfo/Bi623/QAA/trimmed_data/16_3D_mbnl_S12_L008_R2_001_trimmed_p.fastq.gz
output: /home/iquesada/bgmp/bioinfo/Bi623/QAA/16_3D_mbnl_S12.png


/home/iquesada/bgmp/bioinfo/Bi623/QAA/trimmed_data/6_2D_mbnl_S5_L008_R1_trimmed_p.fastq.gz
/home/iquesada/bgmp/bioinfo/Bi623/QAA/trimmed_data/6_2D_mbnl_S5_L008_R2_trimmed_p.fastq.gz
output: /home/iquesada/bgmp/bioinfo/Bi623/QAA/6_2D_mbnl_S5.png

09/12/2023
Part 3 – Alignment and strand-specificity

In your QAA environment, use conda to install:
	star
		$ conda install star -c bioconda
		$ STAR --version                                                                               
			2.7.10b
		$ conda install samtools -c bioconda
		$ samtools --version
			samtools 1.17
	numpy
		$ conda install numpy
		$ pip show numpy
			Name: numpy
			Version: 1.25.2

	matplotlib
		$ conda install matplotlib
		$ pip show matplotlib                                                                          
			Name: matplotlib                                                                                                         
			Version: 3.7.2                    
	
	htseq
		$ conda install -c bioconda htseq
		$ pip show htseq
			Name: HTSeq
			Version: 2.0.3



How to secure copy files from Talapas: 
scp iquesada@login.talapas.uoregon.edu:absolute path to file in Talapas .h
srun --account=bgmp --partition=compute --mem=16G --time=3:00:00 --pty bash




